VIGHNESH@LAPTOP-HDH1P4UB MINGW64 ~ (master)
$ cd

VIGHNESH@LAPTOP-HDH1P4UB MINGW64 ~ (master)
$ cd desktop

VIGHNESH@LAPTOP-HDH1P4UB MINGW64 ~/desktop (master)
$ cd git_demo3

VIGHNESH@LAPTOP-HDH1P4UB MINGW64 ~/desktop/git_demo3 (master)
$ git clone https://github.com/vrs555/git3.git
Cloning into 'git3'...
remote: Enumerating objects: 3, done.
remote: Counting objects: 100% (3/3), done.
remote: Total 3 (delta 0), reused 0 (delta 0), pack-reused 0 (from 0)
Receiving objects: 100% (3/3), done.

VIGHNESH@LAPTOP-HDH1P4UB MINGW64 ~/desktop/git_demo3 (master)
$ cd git3

VIGHNESH@LAPTOP-HDH1P4UB MINGW64 ~/desktop/git_demo3/git3 (main)
$ git init
Reinitialized existing Git repository in C:/Users/VIGHNESH/Desktop/git_demo3/git3/.git/

VIGHNESH@LAPTOP-HDH1P4UB MINGW64 ~/desktop/git_demo3/git3 (main)
$ echo "this is a python file">main.py

VIGHNESH@LAPTOP-HDH1P4UB MINGW64 ~/desktop/git_demo3/git3 (main)
$ git status
On branch main
Your branch is up to date with 'origin/main'.

Untracked files:
  (use "git add <file>..." to include in what will be committed)
        main.py

nothing added to commit but untracked files present (use "git add" to track)

VIGHNESH@LAPTOP-HDH1P4UB MINGW64 ~/desktop/git_demo3/git3 (main)
$ git add main.py
warning: in the working copy of 'main.py', LF will be replaced by CRLF the next time Git touches it

VIGHNESH@LAPTOP-HDH1P4UB MINGW64 ~/desktop/git_demo3/git3 (main)
$ git commit -m "main.py"
[main 07574cd] main.py
 1 file changed, 1 insertion(+)
 create mode 100644 main.py

VIGHNESH@LAPTOP-HDH1P4UB MINGW64 ~/desktop/git_demo3/git3 (main)
$ git push origin main
Enumerating objects: 4, done.
Counting objects: 100% (4/4), done.
Delta compression using up to 16 threads
Compressing objects: 100% (2/2), done.
Writing objects: 100% (3/3), 286 bytes | 286.00 KiB/s, done.
Total 3 (delta 0), reused 0 (delta 0), pack-reused 0 (from 0)
To https://github.com/vrs555/git3.git
   fc261fa..07574cd  main -> main

VIGHNESH@LAPTOP-HDH1P4UB MINGW64 ~/desktop/git_demo3/git3 (main)
$ git pull origin main
remote: Enumerating objects: 5, done.
remote: Counting objects: 100% (5/5), done.
remote: Compressing objects: 100% (2/2), done.
remote: Total 3 (delta 0), reused 0 (delta 0), pack-reused 0 (from 0)
Unpacking objects: 100% (3/3), 949 bytes | 39.00 KiB/s, done.
From https://github.com/vrs555/git3
 * branch            main       -> FETCH_HEAD
   07574cd..9acaf78  main       -> origin/main
Updating 07574cd..9acaf78
Fast-forward
 main.py | 1 +
 1 file changed, 1 insertion(+)

VIGHNESH@LAPTOP-HDH1P4UB MINGW64 ~/desktop/git_demo3/git3 (main)
$ git log --oneline
9acaf78 (HEAD -> main, origin/main, origin/HEAD) Update main.py
07574cd main.py
fc261fa Initial commit

VIGHNESH@LAPTOP-HDH1P4UB MINGW64 ~/desktop/git_demo3/git3 (main)
$
